   1              		.cpu cortex-m4
   2              		.eabi_attribute 27, 1
   3              		.eabi_attribute 28, 1
   4              		.eabi_attribute 20, 1
   5              		.eabi_attribute 21, 1
   6              		.eabi_attribute 23, 3
   7              		.eabi_attribute 24, 1
   8              		.eabi_attribute 25, 1
   9              		.eabi_attribute 26, 1
  10              		.eabi_attribute 30, 6
  11              		.eabi_attribute 34, 1
  12              		.eabi_attribute 18, 4
  13              		.file	"mainML.c"
  14              		.text
  15              	.Ltext0:
  16              		.cfi_sections	.debug_frame
  17              	.Letext0:
  18              		.file 1 "c:\\program files (x86)\\gnu tools arm embedded\\6 2017-q2-update\\arm-none-eabi\\include
  19              		.file 2 "c:\\program files (x86)\\gnu tools arm embedded\\6 2017-q2-update\\arm-none-eabi\\include
  20              		.file 3 "../Includes/core_cm4.h"
  21              		.file 4 "../Includes/system_MK22F51212.h"
DEFINED SYMBOLS
                            *ABS*:00000000 mainML.c
                           .group:00000000 wm4.0.a6d4f739a788c67292a3ea0a48d10bd5
                           .group:00000000 wm4.MK22F51212.h.96.792c303daa596f91c029224edd7c60aa
                           .group:00000000 wm4._newlib_version.h.4.3572908597b70d672d181fc7fc501c19
                           .group:00000000 wm4.features.h.33.cf97d4c9a045ebab6d282f6356e11363
                           .group:00000000 wm4._default_types.h.15.247e5cd201eca3442cbf5404108c4935
                           .group:00000000 wm4._intsup.h.10.cce27fed8484c08a33f522034c30d2b5
                           .group:00000000 wm4._stdint.h.10.c24fa3af3bc1706662bb5593a907e841
                           .group:00000000 wm4.stdint.h.23.d53047a68f4a85177f80b422d52785ed
                           .group:00000000 wm4.MK22F51212.h.109.eeee73bf5f54e3f06177795004b95e22
                           .group:00000000 wm4.core_cm4.h.43.f75e2f71b2e33f7a3db429cd8b0cae9e
                           .group:00000000 wm4.core_cmInstr.h.39.addda81f1f3453ba31dd54fc5b6fcee8
                           .group:00000000 wm4.core_cmSimd.h.43.c355993beb49ccd10586af5b1cfe5aee
                           .group:00000000 wm4.core_cm4.h.201.a59e218d30e39d114c8962bbad645c74
                           .group:00000000 wm4.system_MK22F51212.h.94.09b5fd63c227fb82ca8c370fba9e2334
                           .group:00000000 wm4.MK22F51212.h.369.5a9c5aa32d240e03ff494f1c769cfadf
                           .group:00000000 wm4.platform.h.20.8f84a7e419db83d393efd520f3d78a11
                           .group:00000000 wm4.ftm0.h.17.5ca77cc7ff2e4939879fcd19550d147b
                           .group:00000000 wm4.ftm3.h.17.6926f1c9feadbb709666b5aeb2a4d39e
                           .group:00000000 wm4.adc.h.17.71b6e89417f6845c08a3ffa07854b038
                           .group:00000000 wm4.stddef.h.39.99b5021e28f91cdb161c889e07266673

NO UNDEFINED SYMBOLS
