Archive member included to satisfy reference by file (symbol)

c:/program files (x86)/gnu tools arm embedded/6 2017-q2-update/bin/../lib/gcc/arm-none-eabi/6.3.1/thumb/v7e-m/fpv4-sp/hard\libgcc.a(_aeabi_uldivmod.o)
                              ./Sources/adc/adc.o (__aeabi_uldivmod)
c:/program files (x86)/gnu tools arm embedded/6 2017-q2-update/bin/../lib/gcc/arm-none-eabi/6.3.1/thumb/v7e-m/fpv4-sp/hard\libgcc.a(_udivmoddi4.o)
                              c:/program files (x86)/gnu tools arm embedded/6 2017-q2-update/bin/../lib/gcc/arm-none-eabi/6.3.1/thumb/v7e-m/fpv4-sp/hard\libgcc.a(_aeabi_uldivmod.o) (__udivmoddi4)
c:/program files (x86)/gnu tools arm embedded/6 2017-q2-update/bin/../lib/gcc/arm-none-eabi/6.3.1/thumb/v7e-m/fpv4-sp/hard\libgcc.a(_dvmd_tls.o)
                              c:/program files (x86)/gnu tools arm embedded/6 2017-q2-update/bin/../lib/gcc/arm-none-eabi/6.3.1/thumb/v7e-m/fpv4-sp/hard\libgcc.a(_aeabi_uldivmod.o) (__aeabi_ldiv0)
c:/program files (x86)/gnu tools arm embedded/6 2017-q2-update/bin/../lib/gcc/arm-none-eabi/6.3.1/../../../../arm-none-eabi/lib/thumb/v7e-m/fpv4-sp/hard\libg_nano.a(lib_a-exit.o)
                              c:/program files (x86)/gnu tools arm embedded/6 2017-q2-update/bin/../lib/gcc/arm-none-eabi/6.3.1/../../../../arm-none-eabi/lib/thumb/v7e-m/fpv4-sp/hard/crt0.o (exit)
c:/program files (x86)/gnu tools arm embedded/6 2017-q2-update/bin/../lib/gcc/arm-none-eabi/6.3.1/../../../../arm-none-eabi/lib/thumb/v7e-m/fpv4-sp/hard\libg_nano.a(lib_a-impure.o)
                              c:/program files (x86)/gnu tools arm embedded/6 2017-q2-update/bin/../lib/gcc/arm-none-eabi/6.3.1/../../../../arm-none-eabi/lib/thumb/v7e-m/fpv4-sp/hard\libg_nano.a(lib_a-exit.o) (_global_impure_ptr)
c:/program files (x86)/gnu tools arm embedded/6 2017-q2-update/bin/../lib/gcc/arm-none-eabi/6.3.1/../../../../arm-none-eabi/lib/thumb/v7e-m/fpv4-sp/hard\libg_nano.a(lib_a-init.o)
                              c:/program files (x86)/gnu tools arm embedded/6 2017-q2-update/bin/../lib/gcc/arm-none-eabi/6.3.1/../../../../arm-none-eabi/lib/thumb/v7e-m/fpv4-sp/hard/crt0.o (__libc_init_array)
c:/program files (x86)/gnu tools arm embedded/6 2017-q2-update/bin/../lib/gcc/arm-none-eabi/6.3.1/../../../../arm-none-eabi/lib/thumb/v7e-m/fpv4-sp/hard\libg_nano.a(lib_a-memset.o)
                              c:/program files (x86)/gnu tools arm embedded/6 2017-q2-update/bin/../lib/gcc/arm-none-eabi/6.3.1/../../../../arm-none-eabi/lib/thumb/v7e-m/fpv4-sp/hard/crt0.o (memset)
c:/program files (x86)/gnu tools arm embedded/6 2017-q2-update/bin/../lib/gcc/arm-none-eabi/6.3.1/../../../../arm-none-eabi/lib/thumb/v7e-m/fpv4-sp/hard\libg_nano.a(lib_a-strcmp.o)
                              ./Sources/utils/test.o (strcmp)
c:/program files (x86)/gnu tools arm embedded/6 2017-q2-update/bin/../lib/gcc/arm-none-eabi/6.3.1/../../../../arm-none-eabi/lib/thumb/v7e-m/fpv4-sp/hard\libg_nano.a(lib_a-strlen.o)
                              ./Sources/com/term.o (strlen)
c:/program files (x86)/gnu tools arm embedded/6 2017-q2-update/bin/../lib/gcc/arm-none-eabi/6.3.1/../../../../arm-none-eabi/lib/thumb/v7e-m/fpv4-sp/hard\libg_nano.a(lib_a-strncmp.o)
                              ./Sources/drive/drive.o (strncmp)
c:/program files (x86)/gnu tools arm embedded/6 2017-q2-update/bin/../lib/gcc/arm-none-eabi/6.3.1/../../../../arm-none-eabi/lib/thumb/v7e-m/fpv4-sp/hard\libg_nano.a(lib_a-strncpy.o)
                              ./Sources/com/term.o (strncpy)
c:/program files (x86)/gnu tools arm embedded/6 2017-q2-update/bin/../lib/gcc/arm-none-eabi/6.3.1/../../../../arm-none-eabi/lib/thumb/v7e-m/fpv4-sp/hard\libnosys.a(_exit.o)
                              c:/program files (x86)/gnu tools arm embedded/6 2017-q2-update/bin/../lib/gcc/arm-none-eabi/6.3.1/../../../../arm-none-eabi/lib/thumb/v7e-m/fpv4-sp/hard\libg_nano.a(lib_a-exit.o) (_exit)

Allocating common symbols
Common symbol       size              file

ticks10ms           0x4               ./Sources/sensors/encoder.o
ticks100ms          0x4               ./Sources/sensors/encoder.o
accel_data          0x6               ./Sources/cube/cube.o
gyro_data           0x6               ./Sources/main.o
valueMotor          0x2               ./Sources/drive/motor.o

Discarded input sections

 .text          0x00000000        0x0 c:/program files (x86)/gnu tools arm embedded/6 2017-q2-update/bin/../lib/gcc/arm-none-eabi/6.3.1/thumb/v7e-m/fpv4-sp/hard/crti.o
 .data          0x00000000        0x0 c:/program files (x86)/gnu tools arm embedded/6 2017-q2-update/bin/../lib/gcc/arm-none-eabi/6.3.1/thumb/v7e-m/fpv4-sp/hard/crti.o
 .bss           0x00000000        0x0 c:/program files (x86)/gnu tools arm embedded/6 2017-q2-update/bin/../lib/gcc/arm-none-eabi/6.3.1/thumb/v7e-m/fpv4-sp/hard/crti.o
[...]
Memory Configuration

Name             Origin             Length             Attributes
m_interrupts     0x00000000         0x00000400         xr
m_flash_config   0x00000400         0x00000010         xr
m_text           0x00000410         0x0007fbf0         xr
m_data           0x1fff0000         0x00010000         rw
m_data_2         0x20000000         0x00010000         rw
*default*        0x00000000         0xffffffff

Linker script and memory map

LOAD c:/program files (x86)/gnu tools arm embedded/6 2017-q2-update/bin/../lib/gcc/arm-none-eabi/6.3.1/thumb/v7e-m/fpv4-sp/hard/crti.o
LOAD c:/program files (x86)/gnu tools arm embedded/6 2017-q2-update/bin/../lib/gcc/arm-none-eabi/6.3.1/thumb/v7e-m/fpv4-sp/hard/crtbegin.o
LOAD c:/program files (x86)/gnu tools arm embedded/6 2017-q2-update/bin/../lib/gcc/arm-none-eabi/6.3.1/../../../../arm-none-eabi/lib/thumb/v7e-m/fpv4-sp/hard/crt0.o
LOAD ./Sources/utils/test.o
LOAD ./Sources/utils/util.o
LOAD ./Sources/timer/ftm0.o
LOAD ./Sources/timer/ftm1quad.o
LOAD ./Sources/timer/ftm2.o
LOAD ./Sources/timer/ftm3.o
LOAD ./Sources/sensors/accel.o
LOAD ./Sources/sensors/beep.o
LOAD ./Sources/sensors/encoder.o
LOAD ./Sources/sensors/switch.o
LOAD ./Sources/sensors/tof.o
LOAD ./Sources/i2c/i2c.o
LOAD ./Sources/drive/drive.o
LOAD ./Sources/drive/motor.o
LOAD ./Sources/drive/servo.o
LOAD ./Sources/drive/spindle.o
LOAD ./Sources/drive/stepper.o
LOAD ./Sources/cube/cube.o
LOAD ./Sources/com/lpuart0.o
LOAD ./Sources/com/term.o
LOAD ./Sources/com/uart0.o
LOAD ./Sources/com/uart1.o
LOAD ./Sources/adc/adc.o
LOAD ./Sources/main.o
LOAD ./Project_Settings/Startup_Code/startup_MK22F51212.o
LOAD ./Project_Settings/Startup_Code/system_MK22F51212.o
LOAD c:/program files (x86)/gnu tools arm embedded/6 2017-q2-update/bin/../lib/gcc/arm-none-eabi/6.3.1/../../../../arm-none-eabi/lib/thumb/v7e-m/fpv4-sp/hard\libstdc++_nano.a
LOAD c:/program files (x86)/gnu tools arm embedded/6 2017-q2-update/bin/../lib/gcc/arm-none-eabi/6.3.1/../../../../arm-none-eabi/lib/thumb/v7e-m/fpv4-sp/hard\libm.a
START GROUP
LOAD c:/program files (x86)/gnu tools arm embedded/6 2017-q2-update/bin/../lib/gcc/arm-none-eabi/6.3.1/thumb/v7e-m/fpv4-sp/hard\libgcc.a
LOAD c:/program files (x86)/gnu tools arm embedded/6 2017-q2-update/bin/../lib/gcc/arm-none-eabi/6.3.1/../../../../arm-none-eabi/lib/thumb/v7e-m/fpv4-sp/hard\libg_nano.a
LOAD c:/program files (x86)/gnu tools arm embedded/6 2017-q2-update/bin/../lib/gcc/arm-none-eabi/6.3.1/../../../../arm-none-eabi/lib/thumb/v7e-m/fpv4-sp/hard\libc_nano.a
END GROUP
START GROUP
LOAD c:/program files (x86)/gnu tools arm embedded/6 2017-q2-update/bin/../lib/gcc/arm-none-eabi/6.3.1/thumb/v7e-m/fpv4-sp/hard\libgcc.a
LOAD c:/program files (x86)/gnu tools arm embedded/6 2017-q2-update/bin/../lib/gcc/arm-none-eabi/6.3.1/../../../../arm-none-eabi/lib/thumb/v7e-m/fpv4-sp/hard\libc_nano.a
LOAD c:/program files (x86)/gnu tools arm embedded/6 2017-q2-update/bin/../lib/gcc/arm-none-eabi/6.3.1/../../../../arm-none-eabi/lib/thumb/v7e-m/fpv4-sp/hard\libnosys.a
END GROUP
START GROUP
LOAD c:/program files (x86)/gnu tools arm embedded/6 2017-q2-update/bin/../lib/gcc/arm-none-eabi/6.3.1/thumb/v7e-m/fpv4-sp/hard\libgcc.a
LOAD c:/program files (x86)/gnu tools arm embedded/6 2017-q2-update/bin/../lib/gcc/arm-none-eabi/6.3.1/../../../../arm-none-eabi/lib/thumb/v7e-m/fpv4-sp/hard\libc_nano.a
LOAD c:/program files (x86)/gnu tools arm embedded/6 2017-q2-update/bin/../lib/gcc/arm-none-eabi/6.3.1/../../../../arm-none-eabi/lib/thumb/v7e-m/fpv4-sp/hard\libnosys.a
END GROUP
LOAD c:/program files (x86)/gnu tools arm embedded/6 2017-q2-update/bin/../lib/gcc/arm-none-eabi/6.3.1/thumb/v7e-m/fpv4-sp/hard/crtend.o
LOAD c:/program files (x86)/gnu tools arm embedded/6 2017-q2-update/bin/../lib/gcc/arm-none-eabi/6.3.1/thumb/v7e-m/fpv4-sp/hard/crtn.o
                0x00000400                HEAP_SIZE = DEFINED (__heap_size__)?__heap_size__:0x400
                0x00000400                STACK_SIZE = DEFINED (__stack_size__)?__stack_size__:0x400

.interrupts     0x00000000      0x400
                0x00000000                __VECTOR_TABLE = .
                0x00000000                . = ALIGN (0x4)
 *(.isr_vector)
 .isr_vector    0x00000000      0x400 ./Project_Settings/Startup_Code/startup_MK22F51212.o
                0x00000000                __isr_vector
                0x00000400                . = ALIGN (0x4)

.flash_config   0x00000400       0x10
                0x00000400                . = ALIGN (0x4)
 *(.FlashConfig)
 .FlashConfig   0x00000400       0x10 ./Project_Settings/Startup_Code/startup_MK22F51212.o
                0x00000410                . = ALIGN (0x4)

.text           0x00000410     0x4328
                0x00000410                . = ALIGN (0x4)
 *(.text)
 .text          0x00000410       0x6c c:/program files (x86)/gnu tools arm embedded/6 2017-q2-update/bin/../lib/gcc/arm-none-eabi/6.3.1/thumb/v7e-m/fpv4-sp/hard/crtbegin.o
 .text          0x0000047c       0x74 c:/program files (x86)/gnu tools arm embedded/6 2017-q2-update/bin/../lib/gcc/arm-none-eabi/6.3.1/../../../../arm-none-eabi/lib/thumb/v7e-m/fpv4-sp/hard/crt0.o
                0x0000047c                _start
                0x0000047c                _mainCRTStartup
 .text          0x000004f0      0x288 ./Project_Settings/Startup_Code/startup_MK22F51212.o
                0x000004f0                Reset_Handler
                0x00000538                NMI_Handler
                0x00000544                MemManage_Handler
                0x0000054a                BusFault_Handler
                0x00000550                UsageFault_Handler
                0x00000556                SVC_Handler
                0x0000055c                DebugMon_Handler
                0x00000562                PendSV_Handler
                0x00000568                SysTick_Handler
                0x0000056e                DMA0_IRQHandler
                0x00000574                DMA1_IRQHandler
                0x0000057a                DMA2_IRQHandler
                0x00000580                DMA3_IRQHandler
                0x00000586                DMA4_IRQHandler
                0x0000058c                DMA5_IRQHandler
                0x00000592                DMA6_IRQHandler
                0x00000598                DMA7_IRQHandler
                0x0000059e                DMA8_IRQHandler
                0x000005a4                DMA9_IRQHandler
                0x000005aa                DMA10_IRQHandler
                0x000005b0                DMA11_IRQHandler
                0x000005b6                DMA12_IRQHandler
                0x000005bc                DMA13_IRQHandler
                0x000005c2                DMA14_IRQHandler
                0x000005c8                DMA15_IRQHandler
                0x000005ce                DMA_Error_IRQHandler
                0x000005d4                MCM_IRQHandler
                0x000005da                FTF_IRQHandler
                0x000005e0                Read_Collision_IRQHandler
                0x000005e6                LVD_LVW_IRQHandler
                0x000005ec                LLWU_IRQHandler
                0x000005f2                WDOG_EWM_IRQHandler
                0x000005f8                RNG_IRQHandler
                0x000005fe                I2C0_IRQHandler
                0x00000604                I2C1_IRQHandler
                0x0000060a                SPI0_IRQHandler
                0x00000610                SPI1_IRQHandler
                0x00000616                I2S0_Tx_IRQHandler
                0x0000061c                I2S0_Rx_IRQHandler
                0x00000640                UART2_RX_TX_IRQHandler
                0x00000646                UART2_ERR_IRQHandler
                0x0000064c                Reserved53_IRQHandler
                0x00000652                Reserved54_IRQHandler
                0x00000658                ADC0_IRQHandler
                0x0000065e                CMP0_IRQHandler
                0x00000664                CMP1_IRQHandler
                0x0000067c                Reserved61_IRQHandler
                0x00000682                RTC_IRQHandler
                0x00000688                RTC_Seconds_IRQHandler
                0x0000068e                PIT0_IRQHandler
                0x00000694                PIT1_IRQHandler
                0x0000069a                PIT2_IRQHandler
                0x000006a0                PIT3_IRQHandler
                0x000006a6                PDB0_IRQHandler
                0x000006ac                USB0_IRQHandler
                0x000006b2                Reserved70_IRQHandler
                0x000006b8                Reserved71_IRQHandler
                0x000006be                DAC0_IRQHandler
                0x000006c4                MCG_IRQHandler
                0x000006ca                LPTMR0_IRQHandler
                0x000006d0                PORTA_IRQHandler
                0x000006d6                PORTB_IRQHandler
                0x000006dc                PORTC_IRQHandler
                0x000006e2                PORTD_IRQHandler
                0x000006e8                PORTE_IRQHandler
                0x000006ee                SWI_IRQHandler
                0x000006f4                Reserved81_IRQHandler
                0x000006fa                Reserved82_IRQHandler
                0x00000700                Reserved83_IRQHandler
                0x00000706                Reserved84_IRQHandler
                0x0000070c                Reserved85_IRQHandler
                0x00000712                Reserved86_IRQHandler
                0x0000071e                DAC1_IRQHandler
                0x00000724                ADC1_IRQHandler
                0x0000072a                Reserved90_IRQHandler
                0x00000730                Reserved91_IRQHandler
                0x00000736                Reserved92_IRQHandler
                0x0000073c                Reserved93_IRQHandler
                0x00000742                Reserved94_IRQHandler
                0x00000748                Reserved95_IRQHandler
                0x0000074e                Reserved96_IRQHandler
                0x00000754                Reserved97_IRQHandler
                0x0000075a                Reserved98_IRQHandler
                0x00000760                Reserved99_IRQHandler
                0x00000766                Reserved100_IRQHandler
                0x0000076c                Reserved101_IRQHandler
                0x00000772                DefaultISR
 .text          0x00000778       0x14 c:/program files (x86)/gnu tools arm embedded/6 2017-q2-update/bin/../lib/gcc/arm-none-eabi/6.3.1/../../../../arm-none-eabi/lib/thumb/v7e-m/fpv4-sp/hard\libg_nano.a(lib_a-strcmp.o)
                0x00000778                strcmp
 .text          0x0000078c       0x10 c:/program files (x86)/gnu tools arm embedded/6 2017-q2-update/bin/../lib/gcc/arm-none-eabi/6.3.1/../../../../arm-none-eabi/lib/thumb/v7e-m/fpv4-sp/hard\libg_nano.a(lib_a-strlen.o)
                0x0000078c                strlen
 *(.text*)
 .text.testParseCommand
                0x0000079c       0x38 ./Sources/utils/test.o
                0x0000079c                testParseCommand
 .text.testInit
                0x000007d4       0x28 ./Sources/utils/test.o
                0x000007d4                testInit
 .text.utilStrcpy
                0x000007fc       0x4a ./Sources/utils/util.o
                0x000007fc                utilStrcpy
 *fill*         0x00000846        0x2 
 .text.utilNum16uToStr
                0x00000848       0xec ./Sources/utils/util.o
                0x00000848                utilNum16uToStr
 .text.utilNum16sToStr
                0x00000934      0x140 ./Sources/utils/util.o
                0x00000934                utilNum16sToStr
 .text.utilScanDecimal16u
                0x00000a74       0x9e ./Sources/utils/util.o
                0x00000a74                utilScanDecimal16u
 .text.utilScanDecimal16s
                0x00000b12       0x8a ./Sources/utils/util.o
                0x00000b12                utilScanDecimal16s
 .text.utilWaitUs
                0x00000b9c       0x3a ./Sources/utils/util.o
                0x00000b9c                utilWaitUs
 *fill*         0x00000bd6        0x2 
 .text.NVIC_EnableIRQ
                0x00000bd8       0x34 ./Sources/timer/ftm0.o
 .text.NVIC_SetPriority
                0x00000c0c       0x54 ./Sources/timer/ftm0.o
 .text.Default_Handler_FTM0
                0x00000c60       0x10 ./Sources/timer/ftm0.o
                0x00000c60                FTM0CH7_IRQHandler
                0x00000c60                Default_Handler_FTM0
                0x00000c60                FTM0CH4_IRQHandler
                0x00000c60                FTM0CH6_IRQHandler
                0x00000c60                FTM0TOF_IRQHandler
                0x00000c60                FTM0CH2_IRQHandler
                0x00000c60                FTM0CH3_IRQHandler
                0x00000c60                FTM0CH5_IRQHandler
 .text.FTM0_IRQHandler
                0x00000c70       0x9c ./Sources/timer/ftm0.o
                0x00000c70                FTM0_IRQHandler
 .text.ftm0Init
                0x00000d0c       0x44 ./Sources/timer/ftm0.o
                0x00000d0c                ftm0Init
 .text.NVIC_EnableIRQ
                0x00000d50       0x34 ./Sources/timer/ftm1quad.o
 .text.NVIC_SetPriority
                0x00000d84       0x54 ./Sources/timer/ftm1quad.o
 .text.Default_Handler_FTM1
                0x00000dd8       0x10 ./Sources/timer/ftm1quad.o
                0x00000dd8                Default_Handler_FTM1
                0x00000dd8                FTM1CH1_IRQHandler
 .text.FTM1_IRQHandler
                0x00000de8       0x3c ./Sources/timer/ftm1quad.o
                0x00000de8                FTM1_IRQHandler
 .text.ftm1quadInit
                0x00000e24       0x90 ./Sources/timer/ftm1quad.o
                0x00000e24                ftm1quadInit
 .text.NVIC_EnableIRQ
                0x00000eb4       0x34 ./Sources/timer/ftm2.o
 .text.NVIC_SetPriority
                0x00000ee8       0x54 ./Sources/timer/ftm2.o
 .text.Default_Handler_FTM2
                0x00000f3c       0x10 ./Sources/timer/ftm2.o
                0x00000f3c                Default_Handler_FTM2
                0x00000f3c                FTM2CH1_IRQHandler
                0x00000f3c                FTM2CH0_IRQHandler
 .text.FTM2_IRQHandler
                0x00000f4c       0x2c ./Sources/timer/ftm2.o
                0x00000f4c                FTM2_IRQHandler
 .text.ftm2Init
                0x00000f78       0x44 ./Sources/timer/ftm2.o
                0x00000f78                ftm2Init
 .text.NVIC_EnableIRQ
                0x00000fbc       0x34 ./Sources/timer/ftm3.o
 .text.NVIC_SetPriority
                0x00000ff0       0x54 ./Sources/timer/ftm3.o
 .text.Default_Handler_FTM3
                0x00001044       0x10 ./Sources/timer/ftm3.o
                0x00001044                FTM3CH6_IRQHandler
                0x00001044                FTM3CH7_IRQHandler
                0x00001044                FTM3CH0_IRQHandler
                0x00001044                FTM3TOF_IRQHandler
                0x00001044                FTM3CH3_IRQHandler
                0x00001044                Default_Handler_FTM3
                0x00001044                FTM3CH4_IRQHandler
                0x00001044                FTM3CH5_IRQHandler
                0x00001044                FTM3CH1_IRQHandler
 .text.FTM3_IRQHandler
                0x00001054       0x9c ./Sources/timer/ftm3.o
                0x00001054                FTM3_IRQHandler
 .text.ftm3Init
                0x000010f0       0x44 ./Sources/timer/ftm3.o
                0x000010f0                ftm3Init
 .text.accelResetData
                0x00001134       0x4c ./Sources/sensors/accel.o
                0x00001134                accelResetData
 .text.accelReadRaw
                0x00001180       0x26 ./Sources/sensors/accel.o
                0x00001180                accelReadRaw
 *fill*         0x000011a6        0x2 
 .text.accelRead
                0x000011a8       0xb4 ./Sources/sensors/accel.o
                0x000011a8                accelRead
 .text.accelParseCommand
                0x0000125c       0x68 ./Sources/sensors/accel.o
                0x0000125c                accelParseCommand
 .text.accelInit
                0x000012c4       0x80 ./Sources/sensors/accel.o
                0x000012c4                accelInit
 .text.FTM0CH1_IRQHandler
                0x00001344       0x90 ./Sources/sensors/beep.o
                0x00001344                FTM0CH1_IRQHandler
 .text.beepParseCommand
                0x000013d4       0x68 ./Sources/sensors/beep.o
                0x000013d4                beepParseCommand
 .text.beepInit
                0x0000143c       0x58 ./Sources/sensors/beep.o
                0x0000143c                beepInit
 .text.FTM1TOF_IRQHandler
                0x00001494       0x50 ./Sources/sensors/encoder.o
                0x00001494                FTM1TOF_IRQHandler
 .text.FTM0CH0_IRQHandler
                0x000014e4       0xb4 ./Sources/sensors/encoder.o
                0x000014e4                FTM0CH0_IRQHandler
 .text.encodergetTicks
                0x00001598       0x18 ./Sources/sensors/encoder.o
                0x00001598                encodergetTicks
 .text.encodergetTicks10ms
                0x000015b0       0x18 ./Sources/sensors/encoder.o
                0x000015b0                encodergetTicks10ms
 .text.encodergetRPS
                0x000015c8       0x48 ./Sources/sensors/encoder.o
                0x000015c8                encodergetRPS
 .text.encodergetSpeedmmps
                0x00001610       0x6c ./Sources/sensors/encoder.o
                0x00001610                encodergetSpeedmmps
 .text.encoderParseCommand
                0x0000167c       0x94 ./Sources/sensors/encoder.o
                0x0000167c                encoderParseCommand
 .text.encoderInit
                0x00001710       0x38 ./Sources/sensors/encoder.o
                0x00001710                encoderInit
 .text.switchStateClose
                0x00001748       0x20 ./Sources/sensors/switch.o
                0x00001748                switchStateClose
 .text.switchStateOpen
                0x00001768       0x28 ./Sources/sensors/switch.o
                0x00001768                switchStateOpen
 .text.switchInit
                0x00001790       0x28 ./Sources/sensors/switch.o
                0x00001790                switchInit
 .text.tofWriteReg
                0x000017b8       0x72 ./Sources/sensors/tof.o
                0x000017b8                tofWriteReg
 .text.tofReadReg
                0x0000182a       0x7c ./Sources/sensors/tof.o
                0x0000182a                tofReadReg
 .text.tofRange
                0x000018a6       0x8a ./Sources/sensors/tof.o
                0x000018a6                tofRange
 .text.tofInitSequence
                0x00001930      0x34c ./Sources/sensors/tof.o
                0x00001930                tofInitSequence
 .text.tofParseCommand
                0x00001c7c       0xc0 ./Sources/sensors/tof.o
                0x00001c7c                tofParseCommand
 .text.tofInit  0x00001d3c       0xb4 ./Sources/sensors/tof.o
                0x00001d3c                tofInit
 .text.i2cStart
                0x00001df0       0xbc ./Sources/i2c/i2c.o
                0x00001df0                i2cStart
 .text.i2cRepeatedStart
                0x00001eac       0x8c ./Sources/i2c/i2c.o
                0x00001eac                i2cRepeatedStart
 .text.i2cSendData
                0x00001f38       0x80 ./Sources/i2c/i2c.o
                0x00001f38                i2cSendData
 .text.i2cReceiveData
                0x00001fb8      0x168 ./Sources/i2c/i2c.o
                0x00001fb8                i2cReceiveData
 .text.i2cStop  0x00002120       0x34 ./Sources/i2c/i2c.o
                0x00002120                i2cStop
 .text.i2cTest  0x00002154       0x30 ./Sources/i2c/i2c.o
                0x00002154                i2cTest
 .text.i2cReadCmdData
                0x00002184       0x72 ./Sources/i2c/i2c.o
                0x00002184                i2cReadCmdData
 .text.i2cWriteCmdData
                0x000021f6       0x6c ./Sources/i2c/i2c.o
                0x000021f6                i2cWriteCmdData
 *fill*         0x00002262        0x2 
 .text.i2cInit  0x00002264       0x58 ./Sources/i2c/i2c.o
                0x00002264                i2cInit
 .text.driveSetParameterKp
                0x000022bc       0x20 ./Sources/drive/drive.o
                0x000022bc                driveSetParameterKp
 .text.driveSetParameterKi
                0x000022dc       0x20 ./Sources/drive/drive.o
                0x000022dc                driveSetParameterKi
 .text.driveSetParameterKd
                0x000022fc       0x20 ./Sources/drive/drive.o
                0x000022fc                driveSetParameterKd
 .text.driveSetSpeed
                0x0000231c       0x20 ./Sources/drive/drive.o
                0x0000231c                driveSetSpeed
 .text.driveSetDistance
                0x0000233c       0x98 ./Sources/drive/drive.o
                0x0000233c                driveSetDistance
 .text.driveGetDistanceInfo
                0x000023d4       0x18 ./Sources/drive/drive.o
                0x000023d4                driveGetDistanceInfo
 .text.FTM1CH0_IRQHandler
                0x000023ec       0x44 ./Sources/drive/drive.o
                0x000023ec                FTM1CH0_IRQHandler
 .text.driveToWork
                0x00002430      0x214 ./Sources/drive/drive.o
                0x00002430                driveToWork
 .text.driveParseCommand
                0x00002644      0x1b0 ./Sources/drive/drive.o
                0x00002644                driveParseCommand
 .text.driveInit
                0x000027f4       0x58 ./Sources/drive/drive.o
                0x000027f4                driveInit
 .text.motorIncrementPwm
                0x0000284c       0x50 ./Sources/drive/motor.o
                0x0000284c                motorIncrementPwm
 .text.FTM3CH2_IRQHandler
                0x0000289c       0xac ./Sources/drive/motor.o
                0x0000289c                FTM3CH2_IRQHandler
 .text.motorSetPwm
                0x00002948       0xcc ./Sources/drive/motor.o
                0x00002948                motorSetPwm
 .text.motorParseCommand
                0x00002a14       0xb8 ./Sources/drive/motor.o
                0x00002a14                motorParseCommand
 .text.motorInit
                0x00002acc       0x64 ./Sources/drive/motor.o
                0x00002acc                motorInit
 .text.servoSet
                0x00002b30       0x58 ./Sources/drive/servo.o
                0x00002b30                servoSet
 .text.servoParseCommand
                0x00002b88       0xb0 ./Sources/drive/servo.o
                0x00002b88                servoParseCommand
 .text.servoInit
                0x00002c38       0x5c ./Sources/drive/servo.o
                0x00002c38                servoInit
 .text.spindleSet
                0x00002c94       0xb8 ./Sources/drive/spindle.o
                0x00002c94                spindleSet
 .text.spindleParseCommand
                0x00002d4c       0xac ./Sources/drive/spindle.o
                0x00002d4c                spindleParseCommand
 .text.spindleInit
                0x00002df8       0x80 ./Sources/drive/spindle.o
                0x00002df8                spindleInit
 .text.cubeStateMachine
                0x00002e78      0x290 ./Sources/cube/cube.o
                0x00002e78                cubeStateMachine
 .text.cubeParseCommand
                0x00003108       0xec ./Sources/cube/cube.o
                0x00003108                cubeParseCommand
 .text.cubeInit
                0x000031f4       0x24 ./Sources/cube/cube.o
                0x000031f4                cubeInit
 .text.LPUART0_IRQHandler
                0x00003218       0xe8 ./Sources/com/lpuart0.o
                0x00003218                LPUART0_IRQHandler
 .text.termRegisterCommandLineHandler
                0x00003300       0x64 ./Sources/com/term.o
                0x00003300                termRegisterCommandLineHandler
 .text.termWriteChar
                0x00003364       0x44 ./Sources/com/term.o
                0x00003364                termWriteChar
 .text.termWrite
                0x000033a8       0x34 ./Sources/com/term.o
                0x000033a8                termWrite
 .text.termWriteNum16s
                0x000033dc       0x2c ./Sources/com/term.o
                0x000033dc                termWriteNum16s
 .text.termWriteLine
                0x00003408       0x1c ./Sources/com/term.o
                0x00003408                termWriteLine
 .text.termWriteSubString
                0x00003424       0x3c ./Sources/com/term.o
                0x00003424                termWriteSubString
 .text.termParseCommand
                0x00003460      0x13c ./Sources/com/term.o
                0x00003460                termParseCommand
 .text.termDoWork
                0x0000359c       0x60 ./Sources/com/term.o
                0x0000359c                termDoWork
 .text.termInit
                0x000035fc       0x2c ./Sources/com/term.o
                0x000035fc                termInit
 .text.NVIC_EnableIRQ
                0x00003628       0x34 ./Sources/com/uart0.o
 .text.NVIC_DisableIRQ
                0x0000365c       0x34 ./Sources/com/uart0.o
 .text.NVIC_SetPriority
                0x00003690       0x54 ./Sources/com/uart0.o
 .text.NVIC_DisableIRQEx
                0x000036e4       0x24 ./Sources/com/uart0.o
 .text.UART0_RX_TX_IRQHandler
                0x00003708       0xe0 ./Sources/com/uart0.o
                0x00003708                UART0_RX_TX_IRQHandler
 .text.UART0_ERR_IRQHandler
                0x000037e8       0x1c ./Sources/com/uart0.o
                0x000037e8                UART0_ERR_IRQHandler
 .text.uart0WriteChar
                0x00003804       0x80 ./Sources/com/uart0.o
                0x00003804                uart0WriteChar
 .text.uart0ReadChar
                0x00003884       0x68 ./Sources/com/uart0.o
                0x00003884                uart0ReadChar
 .text.uart0ReadLine
                0x000038ec       0x4e ./Sources/com/uart0.o
                0x000038ec                uart0ReadLine
 *fill*         0x0000393a        0x2 
 .text.uart0HasLineReceived
                0x0000393c       0x60 ./Sources/com/uart0.o
                0x0000393c                uart0HasLineReceived
 .text.uart0Init
                0x0000399c       0xdc ./Sources/com/uart0.o
                0x0000399c                uart0Init
 .text.NVIC_EnableIRQ
                0x00003a78       0x34 ./Sources/com/uart1.o
 .text.NVIC_DisableIRQ
                0x00003aac       0x34 ./Sources/com/uart1.o
 .text.NVIC_SetPriority
                0x00003ae0       0x54 ./Sources/com/uart1.o
 .text.NVIC_DisableIRQEx
                0x00003b34       0x24 ./Sources/com/uart1.o
 .text.UART1_RX_TX_IRQHandler
                0x00003b58       0xe0 ./Sources/com/uart1.o
                0x00003b58                UART1_RX_TX_IRQHandler
 .text.UART1_ERR_IRQHandler
                0x00003c38       0x1c ./Sources/com/uart1.o
                0x00003c38                UART1_ERR_IRQHandler
 .text.uart1WriteChar
                0x00003c54       0x80 ./Sources/com/uart1.o
                0x00003c54                uart1WriteChar
 .text.uart1ReadChar
                0x00003cd4       0x68 ./Sources/com/uart1.o
                0x00003cd4                uart1ReadChar
 .text.uart1ReadLine
                0x00003d3c       0x4e ./Sources/com/uart1.o
                0x00003d3c                uart1ReadLine
 *fill*         0x00003d8a        0x2 
 .text.uart1HasLineReceived
                0x00003d8c       0x60 ./Sources/com/uart1.o
                0x00003d8c                uart1HasLineReceived
 .text.uart1Init
                0x00003dec       0xdc ./Sources/com/uart1.o
                0x00003dec                uart1Init
 .text.ProcessCube
                0x00003ec8       0x28 ./Sources/main.o
                0x00003ec8                ProcessCube
 .text.ProcessDrive
                0x00003ef0       0x28 ./Sources/main.o
                0x00003ef0                ProcessDrive
 .text.main     0x00003f18       0xe8 ./Sources/main.o
                0x00003f18                main
 .text.SystemInit
                0x00004000      0x224 ./Project_Settings/Startup_Code/system_MK22F51212.o
                0x00004000                SystemInit
 .text.HardFault_HandlerC
                0x00004224       0xa0 ./Project_Settings/Startup_Code/system_MK22F51212.o
                0x00004224                HardFault_HandlerC
 .text.HardFault_Handler
                0x000042c4       0x1e ./Project_Settings/Startup_Code/system_MK22F51212.o
                0x000042c4                HardFault_Handler
 *fill*         0x000042e2        0x2 
 .text.exit     0x000042e4       0x28 c:/program files (x86)/gnu tools arm embedded/6 2017-q2-update/bin/../lib/gcc/arm-none-eabi/6.3.1/../../../../arm-none-eabi/lib/thumb/v7e-m/fpv4-sp/hard\libg_nano.a(lib_a-exit.o)
                0x000042e4                exit
 .text.__libc_init_array
                0x0000430c       0x48 c:/program files (x86)/gnu tools arm embedded/6 2017-q2-update/bin/../lib/gcc/arm-none-eabi/6.3.1/../../../../arm-none-eabi/lib/thumb/v7e-m/fpv4-sp/hard\libg_nano.a(lib_a-init.o)
                0x0000430c                __libc_init_array
 .text.memset   0x00004354       0x10 c:/program files (x86)/gnu tools arm embedded/6 2017-q2-update/bin/../lib/gcc/arm-none-eabi/6.3.1/../../../../arm-none-eabi/lib/thumb/v7e-m/fpv4-sp/hard\libg_nano.a(lib_a-memset.o)
                0x00004354                memset
 .text.strncmp  0x00004364       0x24 c:/program files (x86)/gnu tools arm embedded/6 2017-q2-update/bin/../lib/gcc/arm-none-eabi/6.3.1/../../../../arm-none-eabi/lib/thumb/v7e-m/fpv4-sp/hard\libg_nano.a(lib_a-strncmp.o)
                0x00004364                strncmp
 .text.strncpy  0x00004388       0x2a c:/program files (x86)/gnu tools arm embedded/6 2017-q2-update/bin/../lib/gcc/arm-none-eabi/6.3.1/../../../../arm-none-eabi/lib/thumb/v7e-m/fpv4-sp/hard\libg_nano.a(lib_a-strncpy.o)
                0x00004388                strncpy
 *fill*         0x000043b2        0x2 
 .text._exit    0x000043b4        0x4 c:/program files (x86)/gnu tools arm embedded/6 2017-q2-update/bin/../lib/gcc/arm-none-eabi/6.3.1/../../../../arm-none-eabi/lib/thumb/v7e-m/fpv4-sp/hard\libnosys.a(_exit.o)
                0x000043b4                _exit
 *(.rodata)
 .rodata        0x000043b8       0x15 ./Sources/utils/test.o
 *fill*         0x000043cd        0x3 
 .rodata        0x000043d0       0x14 ./Sources/utils/util.o
 .rodata        0x000043e4        0xe ./Sources/sensors/accel.o
 *fill*         0x000043f2        0x2 
 .rodata        0x000043f4       0x2e ./Sources/sensors/beep.o
 *fill*         0x00004422        0x2 
 .rodata        0x00004424        0xe ./Sources/sensors/encoder.o
 *fill*         0x00004432        0x2 
 .rodata        0x00004434       0x4c ./Sources/sensors/tof.o
 .rodata        0x00004480       0x76 ./Sources/drive/drive.o
 *fill*         0x000044f6        0x2 
 .rodata        0x000044f8       0x5e ./Sources/drive/motor.o
 *fill*         0x00004556        0x2 
 .rodata        0x00004558       0x46 ./Sources/drive/servo.o
 *fill*         0x0000459e        0x2 
 .rodata        0x000045a0       0x5c ./Sources/drive/spindle.o
 .rodata        0x000045fc       0x7d ./Sources/cube/cube.o
 *fill*         0x00004679        0x3 
 .rodata        0x0000467c       0xa0 ./Sources/com/term.o
 *(.rodata*)
 .rodata._global_impure_ptr
                0x0000471c        0x4 c:/program files (x86)/gnu tools arm embedded/6 2017-q2-update/bin/../lib/gcc/arm-none-eabi/6.3.1/../../../../arm-none-eabi/lib/thumb/v7e-m/fpv4-sp/hard\libg_nano.a(lib_a-impure.o)
                0x0000471c                _global_impure_ptr
 *(.glue_7)
 .glue_7        0x00004720        0x0 linker stubs
 *(.glue_7t)
 .glue_7t       0x00004720        0x0 linker stubs
 *(.eh_frame)
 .eh_frame      0x00004720        0x0 c:/program files (x86)/gnu tools arm embedded/6 2017-q2-update/bin/../lib/gcc/arm-none-eabi/6.3.1/thumb/v7e-m/fpv4-sp/hard/crtbegin.o
 *(.init)
 .init          0x00004720        0x4 c:/program files (x86)/gnu tools arm embedded/6 2017-q2-update/bin/../lib/gcc/arm-none-eabi/6.3.1/thumb/v7e-m/fpv4-sp/hard/crti.o
                0x00004720                _init
 .init          0x00004724        0x8 c:/program files (x86)/gnu tools arm embedded/6 2017-q2-update/bin/../lib/gcc/arm-none-eabi/6.3.1/thumb/v7e-m/fpv4-sp/hard/crtn.o
 *(.fini)
 .fini          0x0000472c        0x4 c:/program files (x86)/gnu tools arm embedded/6 2017-q2-update/bin/../lib/gcc/arm-none-eabi/6.3.1/thumb/v7e-m/fpv4-sp/hard/crti.o
                0x0000472c                _fini
 .fini          0x00004730        0x8 c:/program files (x86)/gnu tools arm embedded/6 2017-q2-update/bin/../lib/gcc/arm-none-eabi/6.3.1/thumb/v7e-m/fpv4-sp/hard/crtn.o
                0x00004738                . = ALIGN (0x4)

.vfp11_veneer   0x00004738        0x0
 .vfp11_veneer  0x00004738        0x0 linker stubs

.v4_bx          0x00004738        0x0
 .v4_bx         0x00004738        0x0 linker stubs

.iplt           0x00004738        0x0
 .iplt          0x00004738        0x0 c:/program files (x86)/gnu tools arm embedded/6 2017-q2-update/bin/../lib/gcc/arm-none-eabi/6.3.1/thumb/v7e-m/fpv4-sp/hard/crtbegin.o

.ARM.extab
 *(.ARM.extab* .gnu.linkonce.armextab.*)

.ARM            0x00004738        0x8
                0x00004738                __exidx_start = .
 *(.ARM.exidx*)
 .ARM.exidx     0x00004738        0x8 c:/program files (x86)/gnu tools arm embedded/6 2017-q2-update/bin/../lib/gcc/arm-none-eabi/6.3.1/../../../../arm-none-eabi/lib/thumb/v7e-m/fpv4-sp/hard/crt0.o
                0x00004740                __exidx_end = .

.rel.dyn        0x00004740        0x0
 .rel.iplt      0x00004740        0x0 c:/program files (x86)/gnu tools arm embedded/6 2017-q2-update/bin/../lib/gcc/arm-none-eabi/6.3.1/thumb/v7e-m/fpv4-sp/hard/crtbegin.o

.ctors          0x00004740        0x0
                0x00004740                __CTOR_LIST__ = .
 *crtbegin.o(.ctors)
 *crtbegin?.o(.ctors)
 *(EXCLUDE_FILE(*crtend.o *crtend?.o) .ctors)
 *(SORT(.ctors.*))
 *(.ctors)
                0x00004740                __CTOR_END__ = .

.dtors          0x00004740        0x0
                0x00004740                __DTOR_LIST__ = .
 *crtbegin.o(.dtors)
 *crtbegin?.o(.dtors)
 *(EXCLUDE_FILE(*crtend.o *crtend?.o) .dtors)
 *(SORT(.dtors.*))
 *(.dtors)
                0x00004740                __DTOR_END__ = .

.preinit_array  0x00004740        0x0
                0x00004740                PROVIDE (__preinit_array_start, .)
 *(.preinit_array*)
                0x00004740                PROVIDE (__preinit_array_end, .)

.init_array     0x00004740        0x4
                0x00004740                PROVIDE (__init_array_start, .)
 *(SORT(.init_array.*))
 *(.init_array*)
 .init_array    0x00004740        0x4 c:/program files (x86)/gnu tools arm embedded/6 2017-q2-update/bin/../lib/gcc/arm-none-eabi/6.3.1/thumb/v7e-m/fpv4-sp/hard/crtbegin.o
                0x00004744                PROVIDE (__init_array_end, .)

.fini_array     0x00004744        0x4
                [!provide]                PROVIDE (__fini_array_start, .)
 *(SORT(.fini_array.*))
 *(.fini_array*)
 .fini_array    0x00004744        0x4 c:/program files (x86)/gnu tools arm embedded/6 2017-q2-update/bin/../lib/gcc/arm-none-eabi/6.3.1/thumb/v7e-m/fpv4-sp/hard/crtbegin.o
                [!provide]                PROVIDE (__fini_array_end, .)
                0x00004748                __etext = .
                0x00004748                __DATA_ROM = .

.data           0x1fff0000       0x64 load address 0x00004748
                0x1fff0000                . = ALIGN (0x4)
                0x1fff0000                __DATA_RAM = .
                0x1fff0000                __data_start__ = .
 *(.data)
 *(.data*)
 .data.impure_data
                0x1fff0000       0x60 c:/program files (x86)/gnu tools arm embedded/6 2017-q2-update/bin/../lib/gcc/arm-none-eabi/6.3.1/../../../../arm-none-eabi/lib/thumb/v7e-m/fpv4-sp/hard\libg_nano.a(lib_a-impure.o)
 *(.jcr*)
 .jcr           0x1fff0060        0x0 c:/program files (x86)/gnu tools arm embedded/6 2017-q2-update/bin/../lib/gcc/arm-none-eabi/6.3.1/thumb/v7e-m/fpv4-sp/hard/crtbegin.o
 .jcr           0x1fff0060        0x4 c:/program files (x86)/gnu tools arm embedded/6 2017-q2-update/bin/../lib/gcc/arm-none-eabi/6.3.1/thumb/v7e-m/fpv4-sp/hard/crtend.o
                0x1fff0064                . = ALIGN (0x4)
                0x1fff0064                __data_end__ = .
                0x000047ac                __DATA_END = (__DATA_ROM + (__data_end__ - __data_start__))

.igot.plt       0x1fff0064        0x0 load address 0x000047ac
 .igot.plt      0x1fff0064        0x0 c:/program files (x86)/gnu tools arm embedded/6 2017-q2-update/bin/../lib/gcc/arm-none-eabi/6.3.1/thumb/v7e-m/fpv4-sp/hard/crtbegin.o

.bss            0x1fff0064      0xef4 load address 0x000047ac
                0x1fff0064                . = ALIGN (0x4)
                0x1fff0064                __START_BSS = .
                0x1fff0064                __bss_start__ = .
 *(.bss)
 .bss           0x1fff0064       0x1c c:/program files (x86)/gnu tools arm embedded/6 2017-q2-update/bin/../lib/gcc/arm-none-eabi/6.3.1/thumb/v7e-m/fpv4-sp/hard/crtbegin.o
 *(.bss*)
 .bss.clh       0x1fff0080       0x38 ./Sources/utils/test.o
 .bss.clh       0x1fff00b8       0x38 ./Sources/sensors/accel.o
 .bss.Offset    0x1fff00f0        0x6 ./Sources/sensors/accel.o
                0x1fff00f0                Offset
 *fill*         0x1fff00f6        0x2 
 .bss.clh       0x1fff00f8       0x38 ./Sources/sensors/beep.o
 .bss.number    0x1fff0130        0x2 ./Sources/sensors/beep.o
 .bss.i.7083    0x1fff0132        0x2 ./Sources/sensors/beep.o
 .bss.j.7084    0x1fff0134        0x2 ./Sources/sensors/beep.o
 *fill*         0x1fff0136        0x2 
 .bss.clh       0x1fff0138       0x38 ./Sources/sensors/encoder.o
 .bss.ticks     0x1fff0170        0x4 ./Sources/sensors/encoder.o
 .bss.oldticks  0x1fff0174        0x4 ./Sources/sensors/encoder.o
 .bss.avgticks  0x1fff0178        0x4 ./Sources/sensors/encoder.o
 .bss.oldavgticks
                0x1fff017c        0x4 ./Sources/sensors/encoder.o
 .bss.i.7127    0x1fff0180        0x1 ./Sources/sensors/encoder.o
 *fill*         0x1fff0181        0x3 
 .bss.clh       0x1fff0184       0x38 ./Sources/sensors/tof.o
 .bss.clh       0x1fff01bc       0x38 ./Sources/drive/drive.o
 .bss.targetSpeed
                0x1fff01f4        0x4 ./Sources/drive/drive.o
 .bss.targetDistance
                0x1fff01f8        0x4 ./Sources/drive/drive.o
 .bss.kp        0x1fff01fc        0x1 ./Sources/drive/drive.o
 .bss.ki        0x1fff01fd        0x1 ./Sources/drive/drive.o
 .bss.kd        0x1fff01fe        0x1 ./Sources/drive/drive.o
 .bss.Ta        0x1fff01ff        0x1 ./Sources/drive/drive.o
 .bss.val       0x1fff0200        0x4 ./Sources/drive/drive.o
 .bss.motorBrake
                0x1fff0204        0x1 ./Sources/drive/drive.o
 *fill*         0x1fff0205        0x1 
 .bss.startTicks
                0x1fff0206        0x2 ./Sources/drive/drive.o
 .bss.targetTicks
                0x1fff0208        0x2 ./Sources/drive/drive.o
 .bss.trueSpeed.7143
                0x1fff020a        0x2 ./Sources/drive/drive.o
 .bss.setSpeed.7144
                0x1fff020c        0x2 ./Sources/drive/drive.o
 *fill*         0x1fff020e        0x2 
 .bss.intError.7146
                0x1fff0210        0x4 ./Sources/drive/drive.o
 .bss.oldError.7145
                0x1fff0214        0x4 ./Sources/drive/drive.o
 .bss.newvalue  0x1fff0218        0x1 ./Sources/drive/motor.o
 *fill*         0x1fff0219        0x3 
 .bss.clh       0x1fff021c       0x38 ./Sources/drive/motor.o
 .bss.cnt_timer.7092
                0x1fff0254        0x2 ./Sources/drive/motor.o
 .bss.cnt_value.7093
                0x1fff0256        0x2 ./Sources/drive/motor.o
 .bss.clh       0x1fff0258       0x38 ./Sources/drive/servo.o
 .bss.clh       0x1fff0290       0x38 ./Sources/drive/spindle.o
 .bss.valueSpindle
                0x1fff02c8        0x1 ./Sources/drive/spindle.o
 *fill*         0x1fff02c9        0x3 
 .bss.clh       0x1fff02cc       0x38 ./Sources/cube/cube.o
 .bss.state     0x1fff0304        0x1 ./Sources/cube/cube.o
 .bss.startPi   0x1fff0305        0x1 ./Sources/cube/cube.o
 .bss.distance  0x1fff0306        0x1 ./Sources/cube/cube.o
                0x1fff0306                distance
 *fill*         0x1fff0307        0x1 
 .bss.i.7182    0x1fff0308        0x2 ./Sources/cube/cube.o
 .bss.k.7184    0x1fff030a        0x2 ./Sources/cube/cube.o
 .bss.j.7183    0x1fff030c        0x2 ./Sources/cube/cube.o
 *fill*         0x1fff030e        0x2 
 .bss.rxBuf     0x1fff0310      0x200 ./Sources/com/lpuart0.o
 .bss.rxBufCount
                0x1fff0510        0x2 ./Sources/com/lpuart0.o
 .bss.rxBufWritePos
                0x1fff0512        0x2 ./Sources/com/lpuart0.o
 .bss.txBuf     0x1fff0514      0x200 ./Sources/com/lpuart0.o
 .bss.txBufCount
                0x1fff0714        0x2 ./Sources/com/lpuart0.o
 .bss.txBufReadPos
                0x1fff0716        0x2 ./Sources/com/lpuart0.o
 .bss.destination
                0x1fff0718        0x1 ./Sources/com/term.o
 *fill*         0x1fff0719        0x3 
 .bss.head      0x1fff071c        0x4 ./Sources/com/term.o
 .bss.rxBuf     0x1fff0720      0x200 ./Sources/com/uart0.o
 .bss.rxBufCount
                0x1fff0920        0x2 ./Sources/com/uart0.o
 .bss.rxBufWritePos
                0x1fff0922        0x2 ./Sources/com/uart0.o
 .bss.rxBufReadPos
                0x1fff0924        0x2 ./Sources/com/uart0.o
 *fill*         0x1fff0926        0x2 
 .bss.txBuf     0x1fff0928      0x200 ./Sources/com/uart0.o
 .bss.txBufCount
                0x1fff0b28        0x2 ./Sources/com/uart0.o
 .bss.txBufWritePos
                0x1fff0b2a        0x2 ./Sources/com/uart0.o
 .bss.txBufReadPos
                0x1fff0b2c        0x2 ./Sources/com/uart0.o
 *fill*         0x1fff0b2e        0x2 
 .bss.rxBuf     0x1fff0b30      0x200 ./Sources/com/uart1.o
 .bss.rxBufCount
                0x1fff0d30        0x2 ./Sources/com/uart1.o
 .bss.rxBufWritePos
                0x1fff0d32        0x2 ./Sources/com/uart1.o
 .bss.rxBufReadPos
                0x1fff0d34        0x2 ./Sources/com/uart1.o
 *fill*         0x1fff0d36        0x2 
 .bss.txBuf     0x1fff0d38      0x200 ./Sources/com/uart1.o
 .bss.txBufCount
                0x1fff0f38        0x2 ./Sources/com/uart1.o
 .bss.txBufWritePos
                0x1fff0f3a        0x2 ./Sources/com/uart1.o
 .bss.txBufReadPos
                0x1fff0f3c        0x2 ./Sources/com/uart1.o
 .bss.i.6987    0x1fff0f3e        0x2 ./Sources/main.o
 .bss.i.6991    0x1fff0f40        0x2 ./Sources/main.o
 *(COMMON)
 *fill*         0x1fff0f42        0x2 
 COMMON         0x1fff0f44        0x8 ./Sources/sensors/encoder.o
                0x1fff0f44                ticks10ms
                0x1fff0f48                ticks100ms
 COMMON         0x1fff0f4c        0x2 ./Sources/drive/motor.o
                0x1fff0f4c                valueMotor
 *fill*         0x1fff0f4e        0x2 
 COMMON         0x1fff0f50        0x6 ./Sources/cube/cube.o
                0x1fff0f50                accel_data
                0x1fff0f58                . = ALIGN (0x4)
 *fill*         0x1fff0f56        0x2 
                0x1fff0f58                __bss_end__ = .
                0x1fff0f58                __END_BSS = .

.heap           0x20000000      0x400
                0x20000000                . = ALIGN (0x8)
                0x20000000                __end__ = .
                [!provide]                PROVIDE (end, .)
                0x20000000                __HeapBase = .
                0x20000400                . = (. + HEAP_SIZE)
 *fill*         0x20000000      0x400 
                0x20000400                __HeapLimit = .

.stack          0x20000400      0x400
                0x20000400                . = ALIGN (0x8)
                0x20000800                . = (. + STACK_SIZE)
 *fill*         0x20000400      0x400 
                0x20010000                __StackTop = (ORIGIN (m_data_2) + LENGTH (m_data_2))
                0x2000fc00                __StackLimit = (__StackTop - STACK_SIZE)
                0x20010000                PROVIDE (__stack, __StackTop)

.ARM.attributes
                0x00000000       0x30
 *(.ARM.attributes)
 .ARM.attributes
                0x00000000       0x22 c:/program files (x86)/gnu tools arm embedded/6 2017-q2-update/bin/../lib/gcc/arm-none-eabi/6.3.1/thumb/v7e-m/fpv4-sp/hard/crti.o
 .ARM.attributes
                0x00000022       0x34 c:/program files (x86)/gnu tools arm embedded/6 2017-q2-update/bin/../lib/gcc/arm-none-eabi/6.3.1/thumb/v7e-m/fpv4-sp/hard/crtbegin.o
 .ARM.attributes
                0x00000056       0x20 c:/program files (x86)/gnu tools arm embedded/6 2017-q2-update/bin/../lib/gcc/arm-none-eabi/6.3.1/../../../../arm-none-eabi/lib/thumb/v7e-m/fpv4-sp/hard/crt0.o
 .ARM.attributes
                0x00000076       0x39 ./Sources/utils/test.o
 .ARM.attributes
                0x000000af       0x39 ./Sources/utils/util.o
 .ARM.attributes
                0x000000e8       0x39 ./Sources/timer/ftm0.o
 .ARM.attributes
                0x00000121       0x39 ./Sources/timer/ftm1quad.o
 .ARM.attributes
                0x0000015a       0x39 ./Sources/timer/ftm2.o
 .ARM.attributes
                0x00000193       0x39 ./Sources/timer/ftm3.o
 .ARM.attributes
                0x000001cc       0x39 ./Sources/sensors/accel.o
 .ARM.attributes
                0x00000205       0x39 ./Sources/sensors/beep.o
 .ARM.attributes
                0x0000023e       0x39 ./Sources/sensors/encoder.o
 .ARM.attributes
                0x00000277       0x39 ./Sources/sensors/switch.o
 .ARM.attributes
                0x000002b0       0x39 ./Sources/sensors/tof.o
 .ARM.attributes
                0x000002e9       0x39 ./Sources/i2c/i2c.o
 .ARM.attributes
                0x00000322       0x39 ./Sources/drive/drive.o
 .ARM.attributes
                0x0000035b       0x39 ./Sources/drive/motor.o
 .ARM.attributes
                0x00000394       0x39 ./Sources/drive/servo.o
 .ARM.attributes
                0x000003cd       0x39 ./Sources/drive/spindle.o
 .ARM.attributes
                0x00000406       0x39 ./Sources/cube/cube.o
 .ARM.attributes
                0x0000043f       0x39 ./Sources/com/lpuart0.o
 .ARM.attributes
                0x00000478       0x39 ./Sources/com/term.o
 .ARM.attributes
                0x000004b1       0x39 ./Sources/com/uart0.o
 .ARM.attributes
                0x000004ea       0x39 ./Sources/com/uart1.o
 .ARM.attributes
                0x00000523       0x39 ./Sources/main.o
 .ARM.attributes
                0x0000055c       0x1f ./Project_Settings/Startup_Code/startup_MK22F51212.o
 .ARM.attributes
                0x0000057b       0x39 ./Project_Settings/Startup_Code/system_MK22F51212.o
 .ARM.attributes
                0x000005b4       0x34 c:/program files (x86)/gnu tools arm embedded/6 2017-q2-update/bin/../lib/gcc/arm-none-eabi/6.3.1/../../../../arm-none-eabi/lib/thumb/v7e-m/fpv4-sp/hard\libg_nano.a(lib_a-exit.o)
 .ARM.attributes
                0x000005e8       0x34 c:/program files (x86)/gnu tools arm embedded/6 2017-q2-update/bin/../lib/gcc/arm-none-eabi/6.3.1/../../../../arm-none-eabi/lib/thumb/v7e-m/fpv4-sp/hard\libg_nano.a(lib_a-impure.o)
 .ARM.attributes
                0x0000061c       0x34 c:/program files (x86)/gnu tools arm embedded/6 2017-q2-update/bin/../lib/gcc/arm-none-eabi/6.3.1/../../../../arm-none-eabi/lib/thumb/v7e-m/fpv4-sp/hard\libg_nano.a(lib_a-init.o)
 .ARM.attributes
                0x00000650       0x34 c:/program files (x86)/gnu tools arm embedded/6 2017-q2-update/bin/../lib/gcc/arm-none-eabi/6.3.1/../../../../arm-none-eabi/lib/thumb/v7e-m/fpv4-sp/hard\libg_nano.a(lib_a-memset.o)
 .ARM.attributes
                0x00000684       0x20 c:/program files (x86)/gnu tools arm embedded/6 2017-q2-update/bin/../lib/gcc/arm-none-eabi/6.3.1/../../../../arm-none-eabi/lib/thumb/v7e-m/fpv4-sp/hard\libg_nano.a(lib_a-strcmp.o)
 .ARM.attributes
                0x000006a4       0x1b c:/program files (x86)/gnu tools arm embedded/6 2017-q2-update/bin/../lib/gcc/arm-none-eabi/6.3.1/../../../../arm-none-eabi/lib/thumb/v7e-m/fpv4-sp/hard\libg_nano.a(lib_a-strlen.o)
 .ARM.attributes
                0x000006bf       0x34 c:/program files (x86)/gnu tools arm embedded/6 2017-q2-update/bin/../lib/gcc/arm-none-eabi/6.3.1/../../../../arm-none-eabi/lib/thumb/v7e-m/fpv4-sp/hard\libg_nano.a(lib_a-strncmp.o)
 .ARM.attributes
                0x000006f3       0x34 c:/program files (x86)/gnu tools arm embedded/6 2017-q2-update/bin/../lib/gcc/arm-none-eabi/6.3.1/../../../../arm-none-eabi/lib/thumb/v7e-m/fpv4-sp/hard\libg_nano.a(lib_a-strncpy.o)
 .ARM.attributes
                0x00000727       0x34 c:/program files (x86)/gnu tools arm embedded/6 2017-q2-update/bin/../lib/gcc/arm-none-eabi/6.3.1/../../../../arm-none-eabi/lib/thumb/v7e-m/fpv4-sp/hard\libnosys.a(_exit.o)
 .ARM.attributes
                0x0000075b       0x34 c:/program files (x86)/gnu tools arm embedded/6 2017-q2-update/bin/../lib/gcc/arm-none-eabi/6.3.1/thumb/v7e-m/fpv4-sp/hard/crtend.o
 .ARM.attributes
                0x0000078f       0x22 c:/program files (x86)/gnu tools arm embedded/6 2017-q2-update/bin/../lib/gcc/arm-none-eabi/6.3.1/thumb/v7e-m/fpv4-sp/hard/crtn.o
                0x00000001                ASSERT ((__StackLimit >= __HeapLimit), region m_data_2 overflowed with stack and heap)
OUTPUT(T19_Tuti1.elf elf32-littlearm)

.debug_info     0x00000000    0x10892
 .debug_info    0x00000000      0xa15 ./Sources/utils/test.o
 .debug_info    0x00000a15      0xf37 ./Sources/utils/util.o
 .debug_info    0x0000194c      0x9ae ./Sources/timer/ftm0.o
 .debug_info    0x000022fa      0xa6e ./Sources/timer/ftm1quad.o
 .debug_info    0x00002d68      0x9ae ./Sources/timer/ftm2.o
 .debug_info    0x00003716      0x9ae ./Sources/timer/ftm3.o
 .debug_info    0x000040c4      0xc85 ./Sources/sensors/accel.o
 .debug_info    0x00004d49      0xd4b ./Sources/sensors/beep.o
 .debug_info    0x00005a94      0xd99 ./Sources/sensors/encoder.o
 .debug_info    0x0000682d      0x26f ./Sources/sensors/switch.o
 .debug_info    0x00006a9c      0xd32 ./Sources/sensors/tof.o
 .debug_info    0x000077ce      0x678 ./Sources/i2c/i2c.o
 .debug_info    0x00007e46      0xea9 ./Sources/drive/drive.o
 .debug_info    0x00008cef      0xe0c ./Sources/drive/motor.o
 .debug_info    0x00009afb      0xd5d ./Sources/drive/servo.o
 .debug_info    0x0000a858      0xdbb ./Sources/drive/spindle.o
 .debug_info    0x0000b613      0xc26 ./Sources/cube/cube.o
 .debug_info    0x0000c239      0xbbb ./Sources/com/lpuart0.o
 .debug_info    0x0000cdf4      0xc84 ./Sources/com/term.o
 .debug_info    0x0000da78      0xde9 ./Sources/com/uart0.o
 .debug_info    0x0000e861      0xde9 ./Sources/com/uart1.o
 .debug_info    0x0000f64a      0x57c ./Sources/main.o
 .debug_info    0x0000fbc6       0x80 ./Project_Settings/Startup_Code/startup_MK22F51212.o
 .debug_info    0x0000fc46      0xc4c ./Project_Settings/Startup_Code/system_MK22F51212.o

.debug_abbrev   0x00000000     0x2f8b
 .debug_abbrev  0x00000000      0x201 ./Sources/utils/test.o
 .debug_abbrev  0x00000201      0x2de ./Sources/utils/util.o
 .debug_abbrev  0x000004df      0x165 ./Sources/timer/ftm0.o
 .debug_abbrev  0x00000644      0x165 ./Sources/timer/ftm1quad.o
 .debug_abbrev  0x000007a9      0x165 ./Sources/timer/ftm2.o
 .debug_abbrev  0x0000090e      0x165 ./Sources/timer/ftm3.o
 .debug_abbrev  0x00000a73      0x23e ./Sources/sensors/accel.o
 .debug_abbrev  0x00000cb1      0x22a ./Sources/sensors/beep.o
 .debug_abbrev  0x00000edb      0x29d ./Sources/sensors/encoder.o
 .debug_abbrev  0x00001178      0x100 ./Sources/sensors/switch.o
 .debug_abbrev  0x00001278      0x289 ./Sources/sensors/tof.o
 .debug_abbrev  0x00001501      0x20a ./Sources/i2c/i2c.o
 .debug_abbrev  0x0000170b      0x2af ./Sources/drive/drive.o
 .debug_abbrev  0x000019ba      0x285 ./Sources/drive/motor.o
 .debug_abbrev  0x00001c3f      0x25a ./Sources/drive/servo.o
 .debug_abbrev  0x00001e99      0x272 ./Sources/drive/spindle.o
 .debug_abbrev  0x0000210b      0x245 ./Sources/cube/cube.o
 .debug_abbrev  0x00002350      0x243 ./Sources/com/lpuart0.o
 .debug_abbrev  0x00002593      0x217 ./Sources/com/term.o
 .debug_abbrev  0x000027aa      0x27e ./Sources/com/uart0.o
 .debug_abbrev  0x00002a28      0x27e ./Sources/com/uart1.o
 .debug_abbrev  0x00002ca6      0x159 ./Sources/main.o
 .debug_abbrev  0x00002dff       0x14 ./Project_Settings/Startup_Code/startup_MK22F51212.o
 .debug_abbrev  0x00002e13      0x178 ./Project_Settings/Startup_Code/system_MK22F51212.o

.debug_aranges  0x00000000      0x760
 .debug_aranges
                0x00000000       0x28 ./Sources/utils/test.o
 .debug_aranges
                0x00000028       0x88 ./Sources/utils/util.o
 .debug_aranges
                0x000000b0       0x40 ./Sources/timer/ftm0.o
 .debug_aranges
                0x000000f0       0x40 ./Sources/timer/ftm1quad.o
 .debug_aranges
                0x00000130       0x40 ./Sources/timer/ftm2.o
 .debug_aranges
                0x00000170       0x40 ./Sources/timer/ftm3.o
 .debug_aranges
                0x000001b0       0x50 ./Sources/sensors/accel.o
 .debug_aranges
                0x00000200       0x30 ./Sources/sensors/beep.o
 .debug_aranges
                0x00000230       0x68 ./Sources/sensors/encoder.o
 .debug_aranges
                0x00000298       0x30 ./Sources/sensors/switch.o
 .debug_aranges
                0x000002c8       0x48 ./Sources/sensors/tof.o
 .debug_aranges
                0x00000310       0x68 ./Sources/i2c/i2c.o
 .debug_aranges
                0x00000378       0x78 ./Sources/drive/drive.o
 .debug_aranges
                0x000003f0       0x48 ./Sources/drive/motor.o
 .debug_aranges
                0x00000438       0x38 ./Sources/drive/servo.o
 .debug_aranges
                0x00000470       0x38 ./Sources/drive/spindle.o
 .debug_aranges
                0x000004a8       0x30 ./Sources/cube/cube.o
 .debug_aranges
                0x000004d8       0x80 ./Sources/com/lpuart0.o
 .debug_aranges
                0x00000558       0x68 ./Sources/com/term.o
 .debug_aranges
                0x000005c0       0x88 ./Sources/com/uart0.o
 .debug_aranges
                0x00000648       0x88 ./Sources/com/uart1.o
 .debug_aranges
                0x000006d0       0x38 ./Sources/main.o
 .debug_aranges
                0x00000708       0x20 ./Project_Settings/Startup_Code/startup_MK22F51212.o
 .debug_aranges
                0x00000728       0x38 ./Project_Settings/Startup_Code/system_MK22F51212.o

.debug_ranges   0x00000000      0x5d0
 .debug_ranges  0x00000000       0x18 ./Sources/utils/test.o
 .debug_ranges  0x00000018       0x78 ./Sources/utils/util.o
 .debug_ranges  0x00000090       0x30 ./Sources/timer/ftm0.o
 .debug_ranges  0x000000c0       0x30 ./Sources/timer/ftm1quad.o
 .debug_ranges  0x000000f0       0x30 ./Sources/timer/ftm2.o
 .debug_ranges  0x00000120       0x30 ./Sources/timer/ftm3.o
 .debug_ranges  0x00000150       0x40 ./Sources/sensors/accel.o
 .debug_ranges  0x00000190       0x20 ./Sources/sensors/beep.o
 .debug_ranges  0x000001b0       0x58 ./Sources/sensors/encoder.o
 .debug_ranges  0x00000208       0x20 ./Sources/sensors/switch.o
 .debug_ranges  0x00000228       0x38 ./Sources/sensors/tof.o
 .debug_ranges  0x00000260       0x58 ./Sources/i2c/i2c.o
 .debug_ranges  0x000002b8       0x68 ./Sources/drive/drive.o
 .debug_ranges  0x00000320       0x38 ./Sources/drive/motor.o
 .debug_ranges  0x00000358       0x28 ./Sources/drive/servo.o
 .debug_ranges  0x00000380       0x28 ./Sources/drive/spindle.o
 .debug_ranges  0x000003a8       0x20 ./Sources/cube/cube.o
 .debug_ranges  0x000003c8       0x70 ./Sources/com/lpuart0.o
 .debug_ranges  0x00000438       0x58 ./Sources/com/term.o
 .debug_ranges  0x00000490       0x78 ./Sources/com/uart0.o
 .debug_ranges  0x00000508       0x78 ./Sources/com/uart1.o
 .debug_ranges  0x00000580       0x28 ./Sources/main.o
 .debug_ranges  0x000005a8       0x28 ./Project_Settings/Startup_Code/system_MK22F51212.o

.debug_macro    0x00000000    0x13722
 .debug_macro   0x00000000      0x196 ./Sources/utils/test.o
 .debug_macro   0x00000196      0x898 ./Sources/utils/test.o
 .debug_macro   0x00000a2e       0x16 ./Sources/utils/test.o
 .debug_macro   0x00000a44       0x22 ./Sources/utils/test.o
 .debug_macro   0x00000a66       0x4f ./Sources/utils/test.o
 .debug_macro   0x00000ab5       0x51 ./Sources/utils/test.o
 .debug_macro   0x00000b06       0xef ./Sources/utils/test.o
 .debug_macro   0x00000bf5       0x6a ./Sources/utils/test.o
 .debug_macro   0x00000c5f      0x1df ./Sources/utils/test.o
 .debug_macro   0x00000e3e       0x55 ./Sources/utils/test.o
 .debug_macro   0x00000e93       0x3b ./Sources/utils/test.o
 .debug_macro   0x00000ece       0x34 ./Sources/utils/test.o
 .debug_macro   0x00000f02       0x26 ./Sources/utils/test.o
 .debug_macro   0x00000f28      0xd1d ./Sources/utils/test.o
 .debug_macro   0x00001c45       0xd9 ./Sources/utils/test.o
 .debug_macro   0x00001d1e     0xefee ./Sources/utils/test.o
 .debug_macro   0x00010d0c       0xf5 ./Sources/utils/test.o
 .debug_macro   0x00010e01       0x58 ./Sources/utils/test.o
 .debug_macro   0x00010e59       0x35 ./Sources/utils/test.o
 .debug_macro   0x00010e8e       0x9c ./Sources/utils/test.o
 .debug_macro   0x00010f2a      0x16d ./Sources/utils/test.o
 .debug_macro   0x00011097       0x58 ./Sources/utils/test.o
 .debug_macro   0x000110ef       0x1f ./Sources/utils/test.o
 .debug_macro   0x0001110e       0x43 ./Sources/utils/test.o
 .debug_macro   0x00011151       0x20 ./Sources/utils/test.o
 .debug_macro   0x00011171      0x187 ./Sources/utils/test.o
 .debug_macro   0x000112f8      0x353 ./Sources/utils/test.o
 .debug_macro   0x0001164b       0x10 ./Sources/utils/test.o
 .debug_macro   0x0001165b       0x35 ./Sources/utils/test.o
 .debug_macro   0x00011690       0x16 ./Sources/utils/test.o
 .debug_macro   0x000116a6      0x181 ./Sources/utils/util.o
 .debug_macro   0x00011827       0x52 ./Sources/utils/util.o
 .debug_macro   0x00011879       0x55 ./Sources/utils/util.o
 .debug_macro   0x000118ce       0x16 ./Sources/utils/util.o
 .debug_macro   0x000118e4      0x10e ./Sources/utils/util.o
 .debug_macro   0x000119f2       0x86 ./Sources/utils/util.o
 .debug_macro   0x00011a78       0x57 ./Sources/utils/util.o
 .debug_macro   0x00011acf       0x22 ./Sources/utils/util.o
 .debug_macro   0x00011af1       0xd2 ./Sources/timer/ftm0.o
 .debug_macro   0x00011bc3       0xd2 ./Sources/timer/ftm1quad.o
 .debug_macro   0x00011c95       0x10 ./Sources/timer/ftm1quad.o
 .debug_macro   0x00011ca5       0xd2 ./Sources/timer/ftm2.o
 .debug_macro   0x00011d77       0x16 ./Sources/timer/ftm2.o
 .debug_macro   0x00011d8d       0xd2 ./Sources/timer/ftm3.o
 .debug_macro   0x00011e5f       0x16 ./Sources/timer/ftm3.o
 .debug_macro   0x00011e75      0x1fc ./Sources/sensors/accel.o
 .debug_macro   0x00012071       0x1c ./Sources/sensors/accel.o
 .debug_macro   0x0001208d      0x19c ./Sources/sensors/beep.o
 .debug_macro   0x00012229      0x1b4 ./Sources/sensors/encoder.o
 .debug_macro   0x000123dd       0x10 ./Sources/sensors/encoder.o
 .debug_macro   0x000123ed       0xc7 ./Sources/sensors/switch.o
 .debug_macro   0x000124b4      0x19d ./Sources/sensors/tof.o
 .debug_macro   0x00012651       0x16 ./Sources/sensors/tof.o
 .debug_macro   0x00012667       0xdf ./Sources/i2c/i2c.o
 .debug_macro   0x00012746      0x19e ./Sources/drive/drive.o
 .debug_macro   0x000128e4       0x10 ./Sources/drive/drive.o
 .debug_macro   0x000128f4       0x16 ./Sources/drive/drive.o
 .debug_macro   0x0001290a      0x1b3 ./Sources/drive/motor.o
 .debug_macro   0x00012abd      0x1a1 ./Sources/drive/servo.o
 .debug_macro   0x00012c5e       0x28 ./Sources/drive/servo.o
 .debug_macro   0x00012c86      0x1b0 ./Sources/drive/spindle.o
 .debug_macro   0x00012e36       0x10 ./Sources/drive/spindle.o
 .debug_macro   0x00012e46      0x1d3 ./Sources/cube/cube.o
 .debug_macro   0x00013019       0xd2 ./Sources/com/lpuart0.o
 .debug_macro   0x000130eb       0x7c ./Sources/com/lpuart0.o
 .debug_macro   0x00013167      0x18c ./Sources/com/term.o
 .debug_macro   0x000132f3       0xd2 ./Sources/com/uart0.o
 .debug_macro   0x000133c5       0xc6 ./Sources/com/uart1.o
 .debug_macro   0x0001348b      0x187 ./Sources/main.o
 .debug_macro   0x00013612       0xa9 ./Project_Settings/Startup_Code/system_MK22F51212.o
 .debug_macro   0x000136bb       0x67 ./Project_Settings/Startup_Code/system_MK22F51212.o

.debug_line     0x00000000     0x5eec
 .debug_line    0x00000000      0x3a5 ./Sources/utils/test.o
 .debug_line    0x000003a5      0x5ba ./Sources/utils/util.o
 .debug_line    0x0000095f      0x347 ./Sources/timer/ftm0.o
 .debug_line    0x00000ca6      0x325 ./Sources/timer/ftm1quad.o
 .debug_line    0x00000fcb      0x30f ./Sources/timer/ftm2.o
 .debug_line    0x000012da      0x347 ./Sources/timer/ftm3.o
 .debug_line    0x00001621      0x423 ./Sources/sensors/accel.o
 .debug_line    0x00001a44      0x3e2 ./Sources/sensors/beep.o
 .debug_line    0x00001e26      0x495 ./Sources/sensors/encoder.o
 .debug_line    0x000022bb      0x2d7 ./Sources/sensors/switch.o
 .debug_line    0x00002592      0x475 ./Sources/sensors/tof.o
 .debug_line    0x00002a07      0x42e ./Sources/i2c/i2c.o
 .debug_line    0x00002e35      0x501 ./Sources/drive/drive.o
 .debug_line    0x00003336      0x45a ./Sources/drive/motor.o
 .debug_line    0x00003790      0x3f9 ./Sources/drive/servo.o
 .debug_line    0x00003b89      0x428 ./Sources/drive/spindle.o
 .debug_line    0x00003fb1      0x4bd ./Sources/cube/cube.o
 .debug_line    0x0000446e      0x433 ./Sources/com/lpuart0.o
 .debug_line    0x000048a1      0x45c ./Sources/com/term.o
 .debug_line    0x00004cfd      0x44d ./Sources/com/uart0.o
 .debug_line    0x0000514a      0x44d ./Sources/com/uart1.o
 .debug_line    0x00005597      0x4c0 ./Sources/main.o
 .debug_line    0x00005a57       0xe9 ./Project_Settings/Startup_Code/startup_MK22F51212.o
 .debug_line    0x00005b40      0x3ac ./Project_Settings/Startup_Code/system_MK22F51212.o

.debug_str      0x00000000    0x6447a
 .debug_str     0x00000000    0x622e1 ./Sources/utils/test.o
                              0x62541 (size before relaxing)
 .debug_str     0x000622e1      0x21a ./Sources/utils/util.o
                              0x626a6 (size before relaxing)
 .debug_str     0x000624fb      0x76b ./Sources/timer/ftm0.o
                              0x5fc5e (size before relaxing)
 .debug_str     0x00062c66       0x9c ./Sources/timer/ftm1quad.o
                              0x5fc80 (size before relaxing)
 .debug_str     0x00062d02       0x84 ./Sources/timer/ftm2.o
                              0x5fc68 (size before relaxing)
 .debug_str     0x00062d86       0x7e ./Sources/timer/ftm3.o
                              0x5fc62 (size before relaxing)
 .debug_str     0x00062e04      0x243 ./Sources/sensors/accel.o
                              0x62730 (size before relaxing)
 .debug_str     0x00063047       0xd6 ./Sources/sensors/beep.o
                              0x626df (size before relaxing)
 .debug_str     0x0006311d      0x18a ./Sources/sensors/encoder.o
                              0x627d6 (size before relaxing)
 .debug_str     0x000632a7       0x63 ./Sources/sensors/switch.o
                              0x5f555 (size before relaxing)
 .debug_str     0x0006330a       0xb9 ./Sources/sensors/tof.o
                              0x62680 (size before relaxing)
 .debug_str     0x000633c3       0xf0 ./Sources/i2c/i2c.o
                              0x5f6d1 (size before relaxing)
 .debug_str     0x000634b3      0x1e1 ./Sources/drive/drive.o
                              0x62791 (size before relaxing)
 .debug_str     0x00063694      0x1a6 ./Sources/drive/motor.o
                              0x62825 (size before relaxing)
 .debug_str     0x0006383a      0x110 ./Sources/drive/servo.o
                              0x62791 (size before relaxing)
 .debug_str     0x0006394a      0x161 ./Sources/drive/spindle.o
                              0x62834 (size before relaxing)
 .debug_str     0x00063aab      0x140 ./Sources/cube/cube.o
                              0x6281f (size before relaxing)
 .debug_str     0x00063beb      0x2da ./Sources/com/lpuart0.o
                              0x5fe75 (size before relaxing)
 .debug_str     0x00063ec5       0xf3 ./Sources/com/term.o
                              0x6276e (size before relaxing)
 .debug_str     0x00063fb8      0x186 ./Sources/com/uart0.o
                              0x5ff2d (size before relaxing)
 .debug_str     0x0006413e       0xb7 ./Sources/com/uart1.o
                              0x5feb3 (size before relaxing)
 .debug_str     0x000641f5       0x81 ./Sources/main.o
                              0x5fe99 (size before relaxing)
 .debug_str     0x00064276      0x204 ./Project_Settings/Startup_Code/system_MK22F51212.o
                              0x5f8c7 (size before relaxing)

.comment        0x00000000       0x7f
 .comment       0x00000000       0x7f ./Sources/utils/test.o
                                 0x80 (size before relaxing)
 .comment       0x0000007f       0x80 ./Sources/utils/util.o
 .comment       0x0000007f       0x80 ./Sources/timer/ftm0.o
 .comment       0x0000007f       0x80 ./Sources/timer/ftm1quad.o
 .comment       0x0000007f       0x80 ./Sources/timer/ftm2.o
 .comment       0x0000007f       0x80 ./Sources/timer/ftm3.o
 .comment       0x0000007f       0x80 ./Sources/sensors/accel.o
 .comment       0x0000007f       0x80 ./Sources/sensors/beep.o
 .comment       0x0000007f       0x80 ./Sources/sensors/encoder.o
 .comment       0x0000007f       0x80 ./Sources/sensors/switch.o
 .comment       0x0000007f       0x80 ./Sources/sensors/tof.o
 .comment       0x0000007f       0x80 ./Sources/i2c/i2c.o
 .comment       0x0000007f       0x80 ./Sources/drive/drive.o
 .comment       0x0000007f       0x80 ./Sources/drive/motor.o
 .comment       0x0000007f       0x80 ./Sources/drive/servo.o
 .comment       0x0000007f       0x80 ./Sources/drive/spindle.o
 .comment       0x0000007f       0x80 ./Sources/cube/cube.o
 .comment       0x0000007f       0x80 ./Sources/com/lpuart0.o
 .comment       0x0000007f       0x80 ./Sources/com/term.o
 .comment       0x0000007f       0x80 ./Sources/com/uart0.o
 .comment       0x0000007f       0x80 ./Sources/com/uart1.o
 .comment       0x0000007f       0x80 ./Sources/main.o
 .comment       0x0000007f       0x80 ./Project_Settings/Startup_Code/system_MK22F51212.o

.debug_frame    0x00000000     0x1a84
 .debug_frame   0x00000000       0x54 ./Sources/utils/test.o
 .debug_frame   0x00000054      0x240 ./Sources/utils/util.o
 .debug_frame   0x00000294       0xbc ./Sources/timer/ftm0.o
 .debug_frame   0x00000350       0xbc ./Sources/timer/ftm1quad.o
 .debug_frame   0x0000040c       0xbc ./Sources/timer/ftm2.o
 .debug_frame   0x000004c8       0xbc ./Sources/timer/ftm3.o
 .debug_frame   0x00000584      0x128 ./Sources/sensors/accel.o
 .debug_frame   0x000006ac       0x78 ./Sources/sensors/beep.o
 .debug_frame   0x00000724      0x184 ./Sources/sensors/encoder.o
 .debug_frame   0x000008a8       0x80 ./Sources/sensors/switch.o
 .debug_frame   0x00000928      0x100 ./Sources/sensors/tof.o
 .debug_frame   0x00000a28      0x198 ./Sources/i2c/i2c.o
 .debug_frame   0x00000bc0      0x1d4 ./Sources/drive/drive.o
 .debug_frame   0x00000d94       0xe8 ./Sources/drive/motor.o
 .debug_frame   0x00000e7c       0xa0 ./Sources/drive/servo.o
 .debug_frame   0x00000f1c       0xa4 ./Sources/drive/spindle.o
 .debug_frame   0x00000fc0       0x70 ./Sources/cube/cube.o
 .debug_frame   0x00001030      0x214 ./Sources/com/lpuart0.o
 .debug_frame   0x00001244      0x1a4 ./Sources/com/term.o
 .debug_frame   0x000013e8      0x238 ./Sources/com/uart0.o
 .debug_frame   0x00001620      0x238 ./Sources/com/uart1.o
 .debug_frame   0x00001858       0x8c ./Sources/main.o
 .debug_frame   0x000018e4       0x98 ./Project_Settings/Startup_Code/system_MK22F51212.o
 .debug_frame   0x0000197c       0x28 c:/program files (x86)/gnu tools arm embedded/6 2017-q2-update/bin/../lib/gcc/arm-none-eabi/6.3.1/../../../../arm-none-eabi/lib/thumb/v7e-m/fpv4-sp/hard\libg_nano.a(lib_a-exit.o)
 .debug_frame   0x000019a4       0x2c c:/program files (x86)/gnu tools arm embedded/6 2017-q2-update/bin/../lib/gcc/arm-none-eabi/6.3.1/../../../../arm-none-eabi/lib/thumb/v7e-m/fpv4-sp/hard\libg_nano.a(lib_a-init.o)
 .debug_frame   0x000019d0       0x20 c:/program files (x86)/gnu tools arm embedded/6 2017-q2-update/bin/../lib/gcc/arm-none-eabi/6.3.1/../../../../arm-none-eabi/lib/thumb/v7e-m/fpv4-sp/hard\libg_nano.a(lib_a-memset.o)
 .debug_frame   0x000019f0       0x20 c:/program files (x86)/gnu tools arm embedded/6 2017-q2-update/bin/../lib/gcc/arm-none-eabi/6.3.1/../../../../arm-none-eabi/lib/thumb/v7e-m/fpv4-sp/hard\libg_nano.a(lib_a-strcmp.o)
 .debug_frame   0x00001a10       0x28 c:/program files (x86)/gnu tools arm embedded/6 2017-q2-update/bin/../lib/gcc/arm-none-eabi/6.3.1/../../../../arm-none-eabi/lib/thumb/v7e-m/fpv4-sp/hard\libg_nano.a(lib_a-strncmp.o)
 .debug_frame   0x00001a38       0x2c c:/program files (x86)/gnu tools arm embedded/6 2017-q2-update/bin/../lib/gcc/arm-none-eabi/6.3.1/../../../../arm-none-eabi/lib/thumb/v7e-m/fpv4-sp/hard\libg_nano.a(lib_a-strncpy.o)
 .debug_frame   0x00001a64       0x20 c:/program files (x86)/gnu tools arm embedded/6 2017-q2-update/bin/../lib/gcc/arm-none-eabi/6.3.1/../../../../arm-none-eabi/lib/thumb/v7e-m/fpv4-sp/hard\libnosys.a(_exit.o)
